
> twww-premium-store@0.1.0 start
> next start

   ▲ Next.js 15.0.8
   - Local:        http://localhost:3000

 ✓ Starting...
 ✓ Ready in 527ms
 ⨯ Error: Cannot find module './vendor-chunks/next.js'
Require stack:
- /app/.next/server/webpack-runtime.js
- /app/.next/server/pages/_document.js
- /app/node_modules/next/dist/server/require.js
- /app/node_modules/next/dist/server/load-components.js
- /app/node_modules/next/dist/build/utils.js
- /app/node_modules/next/dist/build/swc/options.js
- /app/node_modules/next/dist/build/swc/index.js
- /app/node_modules/next/dist/build/next-config-ts/transpile-config.js
- /app/node_modules/next/dist/server/config.js
- /app/node_modules/next/dist/cli/next-test.js
- /app/node_modules/next/dist/bin/next
    at <unknown> (/app/node_modules/next/dist/server/require-hook.js:55:36)
    at mod.require (/app/node_modules/next/dist/server/require-hook.js:65:28) {
  code: 'MODULE_NOT_FOUND',
  requireStack: [Array]
}
 ⨯ Error: Cannot find module './627.js'
Require stack:
- /app/.next/server/webpack-runtime.js
- /app/.next/server/pages/_document.js
- /app/node_modules/next/dist/server/require.js
- /app/node_modules/next/dist/server/load-components.js
- /app/node_modules/next/dist/build/utils.js
- /app/node_modules/next/dist/build/swc/options.js
- /app/node_modules/next/dist/build/swc/index.js
- /app/node_modules/next/dist/build/next-config-ts/transpile-config.js
- /app/node_modules/next/dist/server/config.js
- /app/node_modules/next/dist/cli/next-test.js
- /app/node_modules/next/dist/bin/next
    at <unknown> (/app/node_modules/next/dist/server/require-hook.js:55:36)
    at mod.require (/app/node_modules/next/dist/server/require-hook.js:65:28) {
  code: 'MODULE_NOT_FOUND',
  requireStack: [Array]
}
